2026-05-12 15:28:17,978 INFO o.a.j.u.JMeterUtils: Setting Locale to en_EN
2026-05-12 15:28:17,999 INFO o.a.j.JMeter: Loading user properties from: /home/ppss/apache-jmeter-5.6.3/bin/user.properties
2026-05-12 15:28:17,999 INFO o.a.j.JMeter: Loading system properties from: /home/ppss/apache-jmeter-5.6.3/bin/system.properties
2026-05-12 15:28:18,005 INFO o.a.j.JMeter: Copyright (c) 1998-2024 The Apache Software Foundation
2026-05-12 15:28:18,005 INFO o.a.j.JMeter: Version 5.6.3
2026-05-12 15:28:18,005 INFO o.a.j.JMeter: java.version=21.0.10
2026-05-12 15:28:18,005 INFO o.a.j.JMeter: java.vm.name=OpenJDK 64-Bit Server VM
2026-05-12 15:28:18,005 INFO o.a.j.JMeter: os.name=Linux
2026-05-12 15:28:18,005 INFO o.a.j.JMeter: os.arch=amd64
2026-05-12 15:28:18,005 INFO o.a.j.JMeter: os.version=6.8.0-106-generic
2026-05-12 15:28:18,005 INFO o.a.j.JMeter: file.encoding=UTF-8
2026-05-12 15:28:18,005 INFO o.a.j.JMeter: java.awt.headless=true
2026-05-12 15:28:18,006 INFO o.a.j.JMeter: Max memory     =1073741824
2026-05-12 15:28:18,006 INFO o.a.j.JMeter: Available Processors =3
2026-05-12 15:28:18,014 INFO o.a.j.JMeter: Default Locale=English (EN)
2026-05-12 15:28:18,014 INFO o.a.j.JMeter: JMeter  Locale=English (EN)
2026-05-12 15:28:18,014 INFO o.a.j.JMeter: JMeterHome=/home/ppss/apache-jmeter-5.6.3
2026-05-12 15:28:18,014 INFO o.a.j.JMeter: user.dir  =/home/ppss/Desktop/ppss-2026-G6-morell-far/P09-JMeter
2026-05-12 15:28:18,015 INFO o.a.j.JMeter: PWD       =/home/ppss/Desktop/ppss-2026-G6-morell-far/P09-JMeter
2026-05-12 15:28:18,015 INFO o.a.j.JMeter: IP: 127.0.1.1 Name: ppss FullName: ppss
2026-05-12 15:28:18,028 INFO o.a.j.JMeter: Setting property 'jmeter.reportgenerator.outputdir' to:'/home/ppss/Desktop/ppss-2026-G6-morell-far/P09-JMeter/reports'
2026-05-12 15:28:18,031 INFO o.a.j.r.d.ReportGenerator: ReportGenerator will use for Parsing the separator: ','
2026-05-12 15:28:18,032 INFO o.a.j.r.d.ReportGenerator: Will only generate report from results file: data.csv
2026-05-12 15:28:18,032 INFO o.a.j.r.d.ReportGenerator: Reading report generator properties from: /home/ppss/apache-jmeter-5.6.3/bin/reportgenerator.properties
2026-05-12 15:28:18,035 INFO o.a.j.r.d.ReportGenerator: Merging with JMeter properties
2026-05-12 15:28:18,041 INFO o.a.j.r.c.ReportGeneratorConfiguration: Property 'jmeter.reportgenerator.temp_dir' not found, using default value 'temp' instead.
2026-05-12 15:28:18,043 INFO o.a.j.r.c.ReportGeneratorConfiguration: Property 'jmeter.reportgenerator.apdex_per_transaction' not found, using default value 'null' instead.
2026-05-12 15:28:18,050 INFO o.a.j.r.c.ReportGeneratorConfiguration: apdex_per_transaction is empty, not APDEX per transaction customization
2026-05-12 15:28:18,050 INFO o.a.j.r.c.ReportGeneratorConfiguration: Property 'jmeter.reportgenerator.sample_filter' not found, using default value 'null' instead.
2026-05-12 15:28:18,051 INFO o.a.j.r.c.ReportGeneratorConfiguration: Property 'jmeter.reportgenerator.report_title' not found, using default value 'null' instead.
2026-05-12 15:28:18,051 INFO o.a.j.r.c.ReportGeneratorConfiguration: Property 'jmeter.reportgenerator.start_date' not found, using default value 'null' instead.
2026-05-12 15:28:18,051 INFO o.a.j.r.c.ReportGeneratorConfiguration: Property 'jmeter.reportgenerator.end_date' not found, using default value 'null' instead.
2026-05-12 15:28:18,051 INFO o.a.j.r.c.ReportGeneratorConfiguration: Property 'jmeter.reportgenerator.date_format' not found, using default value 'null' instead.
2026-05-12 15:28:18,051 INFO o.a.j.r.c.ReportGeneratorConfiguration: Will use date range start date: null, end date: null
2026-05-12 15:28:18,060 INFO o.a.j.r.c.ReportGeneratorConfiguration: Property 'jmeter.reportgenerator.graph.totalTPS.exclude_controllers' not found, using default value 'false' instead.
2026-05-12 15:28:18,060 INFO o.a.j.r.c.ReportGeneratorConfiguration: Property 'jmeter.reportgenerator.graph.activeThreadsOverTime.exclude_controllers' not found, using default value 'false' instead.
2026-05-12 15:28:18,060 INFO o.a.j.r.c.ReportGeneratorConfiguration: Property 'jmeter.reportgenerator.graph.timeVsThreads.exclude_controllers' not found, using default value 'false' instead.
2026-05-12 15:28:18,061 INFO o.a.j.r.c.ReportGeneratorConfiguration: Property 'jmeter.reportgenerator.graph.responseTimeDistribution.exclude_controllers' not found, using default value 'false' instead.
2026-05-12 15:28:18,061 INFO o.a.j.r.c.ReportGeneratorConfiguration: Property 'jmeter.reportgenerator.graph.transactionsPerSecond.exclude_controllers' not found, using default value 'false' instead.
2026-05-12 15:28:18,061 INFO o.a.j.r.c.ReportGeneratorConfiguration: Property 'jmeter.reportgenerator.graph.responseTimePercentiles.exclude_controllers' not found, using default value 'false' instead.
2026-05-12 15:28:18,061 INFO o.a.j.r.c.ReportGeneratorConfiguration: Property 'jmeter.reportgenerator.graph.responseTimePercentilesOverTime.exclude_controllers' not found, using default value 'false' instead.
2026-05-12 15:28:18,061 INFO o.a.j.r.c.ReportGeneratorConfiguration: Property 'jmeter.reportgenerator.graph.responseTimesOverTime.exclude_controllers' not found, using default value 'false' instead.
2026-05-12 15:28:18,061 INFO o.a.j.r.c.ReportGeneratorConfiguration: Property 'jmeter.reportgenerator.graph.connectTimeOverTime.exclude_controllers' not found, using default value 'false' instead.
2026-05-12 15:28:18,062 INFO o.a.j.r.c.ReportGeneratorConfiguration: Property 'jmeter.reportgenerator.graph.latenciesOverTime.exclude_controllers' not found, using default value 'false' instead.
2026-05-12 15:28:18,063 INFO o.a.j.r.c.ReportGeneratorConfiguration: Property 'jmeter.reportgenerator.exporter.json.filters_only_sample_series' not found, using default value 'true' instead.
2026-05-12 15:28:18,063 INFO o.a.j.r.c.ReportGeneratorConfiguration: Property 'jmeter.reportgenerator.exporter.json.series_filter' not found, using default value '' instead.
2026-05-12 15:28:18,063 INFO o.a.j.r.c.ReportGeneratorConfiguration: Property 'jmeter.reportgenerator.exporter.json.show_controllers_only' not found, using default value 'false' instead.
2026-05-12 15:28:18,063 INFO o.a.j.r.c.ReportGeneratorConfiguration: Property 'jmeter.reportgenerator.exporter.html.filters_only_sample_series' not found, using default value 'true' instead.
2026-05-12 15:28:18,063 INFO o.a.j.r.c.ReportGeneratorConfiguration: Property 'jmeter.reportgenerator.exporter.html.series_filter' not found, using default value '' instead.
2026-05-12 15:28:18,063 INFO o.a.j.r.c.ReportGeneratorConfiguration: Property 'jmeter.reportgenerator.exporter.html.show_controllers_only' not found, using default value 'false' instead.
2026-05-12 15:28:18,327 INFO o.a.j.s.SaveService: Testplan (JMX) version: 2.2. Testlog (JTL) version: 2.2
2026-05-12 15:28:18,358 INFO o.a.j.s.SaveService: Using SaveService properties version 5.0
2026-05-12 15:28:18,363 INFO o.a.j.s.SaveService: Using SaveService properties file encoding UTF-8
2026-05-12 15:28:18,397 INFO o.a.j.r.p.NormalizerSampleConsumer: Using format, 'ms', to parse timeStamp field
2026-05-12 15:28:19,404 INFO o.a.j.r.p.AbstractSampleConsumer: class org.apache.jmeter.report.processor.AggregateConsumer#stopProducing(): beginDate produced 0 samples
2026-05-12 15:28:19,404 INFO o.a.j.r.p.AbstractSampleConsumer: class org.apache.jmeter.report.processor.AggregateConsumer#stopProducing(): endDate produced 0 samples
2026-05-12 15:28:19,406 INFO o.a.j.r.p.AbstractSampleConsumer: class org.apache.jmeter.report.processor.ApdexSummaryConsumer#stopProducing(): apdexSummary produced 0 samples
2026-05-12 15:28:19,407 INFO o.a.j.r.p.AbstractSampleConsumer: class org.apache.jmeter.report.processor.RequestsSummaryConsumer#stopProducing(): requestsSummary produced 0 samples
2026-05-12 15:28:19,431 INFO o.a.j.r.p.AbstractSampleConsumer: class org.apache.jmeter.report.processor.StatisticsSummaryConsumer#stopProducing(): statisticsSummary produced 0 samples
2026-05-12 15:28:19,434 INFO o.a.j.r.p.AbstractSampleConsumer: class org.apache.jmeter.report.processor.Top5ErrorsBySamplerConsumer#stopProducing(): top5ErrorsBySampler produced 0 samples
2026-05-12 15:28:19,434 INFO o.a.j.r.p.AbstractSampleConsumer: class org.apache.jmeter.report.processor.ErrorsSummaryConsumer#stopProducing(): errorsSummary produced 0 samples
2026-05-12 15:28:19,434 INFO o.a.j.r.p.AbstractSampleConsumer: class org.apache.jmeter.report.processor.graph.impl.HitsPerSecondGraphConsumer#stopProducing(): hitsPerSecond produced 0 samples
2026-05-12 15:28:19,714 INFO o.a.j.r.p.AbstractSampleConsumer: class org.apache.jmeter.report.processor.graph.impl.LatencyVSRequestGraphConsumer#stopProducing(): latencyVsRequest produced 0 samples
2026-05-12 15:28:19,719 INFO o.a.j.r.p.AbstractSampleConsumer: class org.apache.jmeter.report.processor.graph.impl.SyntheticResponseTimeDistributionGraphConsumer#stopProducing(): syntheticResponseTimeDistribution produced 0 samples
2026-05-12 15:28:19,720 INFO o.a.j.r.p.AbstractSampleConsumer: class org.apache.jmeter.report.processor.graph.impl.BytesThroughputGraphConsumer#stopProducing(): bytesThroughputOverTime produced 0 samples
2026-05-12 15:28:19,720 INFO o.a.j.r.p.AbstractSampleConsumer: class org.apache.jmeter.report.processor.graph.impl.CodesPerSecondGraphConsumer#stopProducing(): codesPerSecond produced 0 samples
2026-05-12 15:28:19,935 INFO o.a.j.r.p.AbstractSampleConsumer: class org.apache.jmeter.report.processor.graph.impl.ResponseTimeVSRequestGraphConsumer#stopProducing(): responseTimeVsRequest produced 0 samples
2026-05-12 15:28:19,937 INFO o.a.j.r.p.AbstractSampleConsumer: class org.apache.jmeter.report.processor.FilterConsumer#stopProducing(): startIntervalControlerFilter produced 188503 samples
2026-05-12 15:28:19,937 INFO o.a.j.r.p.AbstractSampleConsumer: class org.apache.jmeter.report.processor.graph.impl.TotalTPSGraphConsumer#stopProducing(): totalTPS produced 0 samples
2026-05-12 15:28:19,938 INFO o.a.j.r.p.AbstractSampleConsumer: class org.apache.jmeter.report.processor.graph.impl.ActiveThreadsGraphConsumer#stopProducing(): activeThreadsOverTime produced 0 samples
2026-05-12 15:28:19,938 INFO o.a.j.r.p.AbstractSampleConsumer: class org.apache.jmeter.report.processor.graph.impl.TimeVSThreadGraphConsumer#stopProducing(): timeVsThreads produced 0 samples
2026-05-12 15:28:19,938 INFO o.a.j.r.p.AbstractSampleConsumer: class org.apache.jmeter.report.processor.graph.impl.ResponseTimeDistributionGraphConsumer#stopProducing(): responseTimeDistribution produced 0 samples
2026-05-12 15:28:19,939 INFO o.a.j.r.p.AbstractSampleConsumer: class org.apache.jmeter.report.processor.graph.impl.TransactionsPerSecondGraphConsumer#stopProducing(): transactionsPerSecond produced 0 samples
2026-05-12 15:28:19,940 INFO o.a.j.r.p.AbstractSampleConsumer: class org.apache.jmeter.report.processor.graph.impl.ResponseTimePercentilesGraphConsumer#stopProducing(): responseTimePercentiles produced 0 samples
2026-05-12 15:28:19,945 INFO o.a.j.r.p.AbstractSampleConsumer: class org.apache.jmeter.report.processor.graph.impl.ResponseTimePercentilesOverTimeGraphConsumer#stopProducing(): responseTimePercentilesOverTime produced 0 samples
2026-05-12 15:28:19,946 INFO o.a.j.r.p.AbstractSampleConsumer: class org.apache.jmeter.report.processor.graph.impl.ResponseTimeOverTimeGraphConsumer#stopProducing(): responseTimesOverTime produced 0 samples
2026-05-12 15:28:19,946 INFO o.a.j.r.p.AbstractSampleConsumer: class org.apache.jmeter.report.processor.graph.impl.ConnectTimeOverTimeGraphConsumer#stopProducing(): connectTimeOverTime produced 0 samples
2026-05-12 15:28:19,947 INFO o.a.j.r.p.AbstractSampleConsumer: class org.apache.jmeter.report.processor.graph.impl.LatencyOverTimeGraphConsumer#stopProducing(): latenciesOverTime produced 0 samples
2026-05-12 15:28:19,947 INFO o.a.j.r.p.AbstractSampleConsumer: class org.apache.jmeter.report.processor.FilterConsumer#stopProducing(): nameFilter produced 403935 samples
2026-05-12 15:28:19,947 INFO o.a.j.r.p.AbstractSampleConsumer: class org.apache.jmeter.report.processor.FilterConsumer#stopProducing(): dateRangeFilter produced 80787 samples
2026-05-12 15:28:19,947 INFO o.a.j.r.p.AbstractSampleConsumer: class org.apache.jmeter.report.processor.NormalizerSampleConsumer#stopProducing(): normalizer produced 26929 samples
2026-05-12 15:28:19,948 INFO o.a.j.r.p.CsvFileSampleSource: produce(): 26929 samples produced in 1s 511 ms on channel 0
2026-05-12 15:28:19,949 INFO o.a.j.r.d.ReportGenerator: Exporting data using exporter:'json' of className:'org.apache.jmeter.report.dashboard.JsonExporter'
2026-05-12 15:28:20,046 INFO o.a.j.r.d.JsonExporter: Found data for consumer statisticsSummary in context
2026-05-12 15:28:20,046 INFO o.a.j.r.d.JsonExporter: Creating statistics for overall
2026-05-12 15:28:20,047 INFO o.a.j.r.d.JsonExporter: Creating statistics for other transactions
2026-05-12 15:28:20,048 INFO o.a.j.r.d.JsonExporter: Checking output folder
2026-05-12 15:28:20,049 INFO o.a.j.r.d.JsonExporter: Writing statistics JSON to /home/ppss/Desktop/ppss-2026-G6-morell-far/P09-JMeter/reports/statistics.json
2026-05-12 15:28:20,180 INFO o.a.j.r.d.ReportGenerator: Exporting data using exporter:'html' of className:'org.apache.jmeter.report.dashboard.HtmlTemplateExporter'
2026-05-12 15:28:20,188 INFO o.a.j.r.d.HtmlTemplateExporter: Will generate dashboard in folder: /home/ppss/Desktop/ppss-2026-G6-morell-far/P09-JMeter/reports
2026-05-12 15:28:20,459 INFO o.a.j.r.d.HtmlTemplateExporter: Report will be generated in: /home/ppss/Desktop/ppss-2026-G6-morell-far/P09-JMeter/reports, creating folder structure
2026-05-12 15:28:20,462 INFO o.a.j.r.d.TemplateVisitor: Copying folder from '/home/ppss/apache-jmeter-5.6.3/bin/report-template' to '/home/ppss/Desktop/ppss-2026-G6-morell-far/P09-JMeter/reports', got message: /home/ppss/Desktop/ppss-2026-G6-morell-far/P09-JMeter/reports, found non empty folder with following content [/home/ppss/Desktop/ppss-2026-G6-morell-far/P09-JMeter/reports/statistics.json], will be ignored
